((Token ((1 0) on_int "45")) (Token ((1 2) on_nl "\\n")))
