((Token ((1 0) on_qsymbols_beg "%i["))
 (Token ((1 3) on_tstring_content "sym1"))
 (Token ((1 7) on_words_sep " "))
 (Token ((1 8) on_tstring_content "sym2"))
 (Token ((1 12) on_words_sep " "))
 (Token ((1 13) on_tstring_content "sym3"))
 (Token ((1 17) on_words_sep " "))
 (Token ((1 18) on_tstring_content "sym4"))
 (Token ((1 22) on_words_sep "]"))
 (Token ((1 23) on_nl "\n")))
