((Token ((1 0) on_backtick "%x("))
 (Token ((1 3) on_tstring_content "cd ~ && echo \"HELLO WORLD!\""))
 (Token ((1 30) on_tstring_end ")"))
 (Token ((1 31) on_nl "\n")))
