((Token ((1 0) on_regexp_beg "%r("))
 (Token ((1 3) on_tstring_content "[a-zA-Z]+"))
 (Token ((1 12) on_regexp_end ")"))
 (Token ((1 13) on_nl "\n")))
