((Token ((1 0) on_backtick "`"))
 (Token ((1 1) on_tstring_content "cd ~/projects && echo \"HELLO\""))
 (Token ((1 30) on_tstring_end "`"))
 (Token ((1 31) on_nl "\n")))
