((Token ((1 0) on_tstring_beg "\""))
 (Token ((1 1) on_tstring_content "Simplest string"))
 (Token ((1 16) on_tstring_end "\""))
 (Token ((1 17) on_nl "\n"))
 (Token ((2 0) on_tstring_beg "'"))
 (Token ((2 1) on_tstring_content "Also simple string"))
 (Token ((2 19) on_tstring_end "'"))
 (Token ((2 20) on_nl "\n")))
