((Token ((1 0) on_symbeg ":\""))
 (Token ((1 2) on_tstring_content "foO$23"))
 (Token ((1 8) on_embexpr_beg "\\#{"))
 (Token ((1 10) on_ident "reed"))
 (Token ((1 14) on_embexpr_end "}"))
 (Token ((1 15) on_tstring_end "\""))
 (Token ((1 16) on_nl "\n"))
 (Token ((2 0) on_symbeg ":\""))
 (Token ((2 2) on_tstring_content "HERE WE GO!"))
 (Token ((2 13) on_tstring_end "\""))
 (Token ((2 14) on_nl "\n")))
